10.0 | Define OOP | 1 | object oriented programming
6.0 | ___ defines object state | 1 | field
8.0 | ___ hides implementation | 1 | encapsulation
6.0 | Is polymorphism OOP? A)Yes B)No C)Maybe D)All | 2 | A
7.0 | ___ represents behaviour | 2 | method
9.0 | Define inheritance | 3 | mechanism of reuse
