01-01-2025-07-05 | Explain JVM | virtual machine | 2 | 10.0 | Ana
01-01-2025-07-06 | Java is ___ typed | statically | 1 | 6.0 | Dan
01-01-2025-07-07 | Which is a keyword? A)new B)class C)func D)call | B | 3 | 8.0 | Radu
01-01-2025-07-08 | What is a reference? | pointer-like value | 1 | 7.0 | Alex
01-01-2025-07-09 | The ___ operator allocates memory | new | 2 | 5.0 | Vlad
01-01-2025-07-10 | Choose type A)int B)table C)stack D)node | A | 2 | 4.0 | Ana
