6.0 | A class has ___ | 1 | fields
6.0 | Code is written in ___ | 1 | classes
5.0 | Define object | 1 | entity
5.0 | Explain OOP | 1 | oop defines objects
4.0 | Choose correct A)Class B)Dog C)Tree D)Water | 2 | A
4.0 | Pick type A)int B)new C)func D)code | 2 | A
4.0 | Which is OOP? A)Polymorphism B)SQL C)HTML D)CSS | 2 | A
7.0 | ___ allows code reuse | 2 | inheritance
8.0 | Define abstraction | 3 | hide complexity
8.0 | Define encapsulation | 3 | hides data
